// Jest Snapshot v1, https://goo.gl/fbAQLP

exports[`index highlight 1`] = `
"<pre><code __ignoreMap=\\"\\"><span class=\\"line\\" line=\\"1\\"><span class=\\"ct-123456\\">export</span><span class=\\"ct-123456\\"> </span><span class=\\"ct-123456\\">default</span><span class=\\"ct-123456\\"> () </span><span class=\\"ct-123456\\">=></span><span class=\\"ct-123456\\"> {}</span></span></code></pre><style>.ct-123456{color:#C586C0;}
.ct-123456{color:#D4D4D4;}
.ct-123456{color:#569CD6;}</style>"
`;
